# Run:
#
# ARGS="--run TestStorageQueue -v -update" make test_azure
#
# to update this file with golden file outputs.
